
[DEBUG CHAT] Super Admin - Page 1, Limit 50, Found 1 groups for type NATIONAL
[DEBUG CHAT] Sample group type: NATIONAL

[DEBUG CHAT] Super Admin - Page 1, Limit 50, Found 1 groups for type NATIONAL
[DEBUG CHAT] Sample group type: NATIONAL

[DEBUG CHAT] Super Admin - Page 1, Limit 50, Found 1 groups for type NATIONAL
[DEBUG CHAT] Sample group type: NATIONAL

[DEBUG CHAT] Super Admin - Page 1, Limit 50, Found 50 groups for type REGION
[DEBUG CHAT] Sample group type: REGION

[DEBUG CHAT] Super Admin - Page 1, Limit 50, Found 1 groups for type NATIONAL
[DEBUG CHAT] Sample group type: NATIONAL

[DEBUG CHAT] Super Admin - Page 1, Limit 50, Found 10 groups for type PROVINCIAL
[DEBUG CHAT] Sample group type: PROVINCIAL

[DEBUG CHAT] Super Admin - Page 2, Limit 50, Found 50 groups for type REGION
[DEBUG CHAT] Sample group type: REGION

[DEBUG CHAT] Super Admin - Page 3, Limit 50, Found 50 groups for type REGION
[DEBUG CHAT] Sample group type: REGION

[DEBUG CHAT] Super Admin - Page 5, Limit 50, Found 0 groups for type REGION

[DEBUG CHAT] Super Admin - Page 5, Limit 50, Found 0 groups for type REGION

[DEBUG CHAT] Super Admin - Page 1, Limit 50, Found 50 groups for type CAMP
[DEBUG CHAT] Sample group type: CAMP

[DEBUG CHAT] Super Admin - Page 2, Limit 50, Found 50 groups for type CAMP
[DEBUG CHAT] Sample group type: CAMP

[DEBUG CHAT] Super Admin - Page 3, Limit 50, Found 50 groups for type CAMP
[DEBUG CHAT] Sample group type: CAMP

[DEBUG CHAT] Super Admin - Page 5, Limit 50, Found 50 groups for type CAMP
[DEBUG CHAT] Sample group type: CAMP

[DEBUG CHAT] Super Admin - Page 1, Limit 50, Found 50 groups for type DISTRICT
[DEBUG CHAT] Sample group type: DISTRICT

[DEBUG CHAT] Super Admin - Page 1, Limit 50, Found 1 groups for type NATIONAL
[DEBUG CHAT] Sample group type: NATIONAL

[DEBUG CHAT] Super Admin - Page 1, Limit 50, Found 20 groups for type PROVINCIAL
[DEBUG CHAT] Sample group type: PROVINCIAL

[DEBUG CHAT] Super Admin - Page 1, Limit 50, Found 50 groups for type DISTRICT
[DEBUG CHAT] Sample group type: DISTRICT

[DEBUG CHAT] Super Admin - Page 2, Limit 50, Found 50 groups for type DISTRICT
[DEBUG CHAT] Sample group type: DISTRICT

[DEBUG CHAT] Super Admin - Page 3, Limit 50, Found 50 groups for type DISTRICT
[DEBUG CHAT] Sample group type: DISTRICT

[DEBUG CHAT] Super Admin - Page 4, Limit 50, Found 50 groups for type DISTRICT
[DEBUG CHAT] Sample group type: DISTRICT

[DEBUG CHAT] Super Admin - Page 6, Limit 50, Found 0 groups for type DISTRICT

[DEBUG CHAT] Super Admin - Page 6, Limit 50, Found 0 groups for type REGION

[DEBUG CHAT] Super Admin - Page 6, Limit 50, Found 50 groups for type CAMP
[DEBUG CHAT] Sample group type: CAMP

[DEBUG CHAT] Super Admin - Page 6, Limit 50, Found 0 groups for type REGION

[DEBUG CHAT] Super Admin - Page 1, Limit 50, Found 50 groups for type REGION
[DEBUG CHAT] Sample group type: REGION

[DEBUG CHAT] Super Admin - Page 1, Limit 50, Found 50 groups for type REGION
[DEBUG CHAT] Sample group type: REGION

[DEBUG CHAT] Super Admin - Page 2, Limit 50, Found 50 groups for type REGION
[DEBUG CHAT] Sample group type: REGION

[DEBUG CHAT] Super Admin - Page 3, Limit 50, Found 50 groups for type REGION
[DEBUG CHAT] Sample group type: REGION

[DEBUG CHAT] Super Admin - Page 5, Limit 50, Found 0 groups for type REGION

[DEBUG CHAT] Super Admin - Page 5, Limit 50, Found 50 groups for type CAMP
[DEBUG CHAT] Sample group type: CAMP

[DEBUG CHAT] Super Admin - Page 5, Limit 50, Found 32 groups for type DISTRICT
[DEBUG CHAT] Sample group type: DISTRICT

[DEBUG CHAT] Super Admin - Page 5, Limit 50, Found 0 groups for type PROVINCIAL

[DEBUG CHAT] Super Admin - Page 5, Limit 50, Found 0 groups for type NATIONAL

[DEBUG CHAT] Super Admin - Page 6, Limit 50, Found 50 groups for type CAMP
[DEBUG CHAT] Sample group type: CAMP

[DEBUG CHAT] Super Admin - Page 1, Limit 50, Found 1 groups for type NATIONAL
[DEBUG CHAT] Sample group type: NATIONAL

[DEBUG CHAT] Super Admin - Page 1, Limit 50, Found 20 groups for type PROVINCIAL
[DEBUG CHAT] Sample group type: PROVINCIAL

[DEBUG CHAT] Super Admin - Page 1, Limit 50, Found 50 groups for type DISTRICT
[DEBUG CHAT] Sample group type: DISTRICT

[DEBUG CHAT] Super Admin - Page 1, Limit 50, Found 50 groups for type REGION
[DEBUG CHAT] Sample group type: REGION

[DEBUG CHAT] Super Admin - Page 1, Limit 50, Found 50 groups for type CAMP
[DEBUG CHAT] Sample group type: CAMP

[DEBUG CHAT] Super Admin - Page 2, Limit 50, Found 50 groups for type CAMP
[DEBUG CHAT] Sample group type: CAMP

[DEBUG CHAT] Super Admin - Page 2, Limit 50, Found 0 groups for type NATIONAL

[DEBUG CHAT] Super Admin - Page 2, Limit 50, Found 0 groups for type NATIONAL

[DEBUG CHAT] Super Admin - Page 1, Limit 50, Found 1 groups for type NATIONAL
[DEBUG CHAT] Sample group type: NATIONAL

[DEBUG CHAT] Super Admin - Page 1, Limit 50, Found 20 groups for type PROVINCIAL
[DEBUG CHAT] Sample group type: PROVINCIAL

[DEBUG CHAT] Super Admin - Page 1, Limit 50, Found 50 groups for type DISTRICT
[DEBUG CHAT] Sample group type: DISTRICT

[DEBUG CHAT] Super Admin - Page 1, Limit 50, Found 50 groups for type REGION
[DEBUG CHAT] Sample group type: REGION

[DEBUG CHAT] Super Admin - Page 1, Limit 50, Found 1 groups for type NATIONAL
[DEBUG CHAT] Sample group type: NATIONAL

[DEBUG CHAT] Super Admin - Page 1, Limit 50, Found 20 groups for type PROVINCIAL
[DEBUG CHAT] Sample group type: PROVINCIAL

[DEBUG CHAT] Super Admin - Page 1, Limit 50, Found 1 groups for type NATIONAL
[DEBUG CHAT] Sample group type: NATIONAL

[DEBUG CHAT] Super Admin - Page 1, Limit 50, Found 20 groups for type PROVINCIAL
[DEBUG CHAT] Sample group type: PROVINCIAL

[DEBUG CHAT] Super Admin - Page 1, Limit 50, Found 50 groups for type DISTRICT
[DEBUG CHAT] Sample group type: DISTRICT

[DEBUG CHAT] Super Admin - Page 1, Limit 50, Found 50 groups for type REGION
[DEBUG CHAT] Sample group type: REGION

[DEBUG CHAT] Super Admin - Page 1, Limit 50, Found 50 groups for type REGION
[DEBUG CHAT] Sample group type: REGION

[DEBUG CHAT] Super Admin - Page 1, Limit 50, Found 1 groups for type NATIONAL
[DEBUG CHAT] Sample group type: NATIONAL

[DEBUG CHAT] Super Admin - Page 1, Limit 50, Found 1 groups for type NATIONAL
[DEBUG CHAT] Sample group type: NATIONAL

[DEBUG CHAT] Super Admin - Page 1, Limit 50, Found 20 groups for type PROVINCIAL
[DEBUG CHAT] Sample group type: PROVINCIAL

[DEBUG CHAT] Super Admin - Page 1, Limit 50, Found 50 groups for type DISTRICT
[DEBUG CHAT] Sample group type: DISTRICT

[DEBUG CHAT] Super Admin - Page 1, Limit 50, Found 50 groups for type CAMP
[DEBUG CHAT] Sample group type: CAMP

[DEBUG CHAT] Super Admin - Page 1, Limit 50, Found 1 groups for type NATIONAL
[DEBUG CHAT] Sample group type: NATIONAL

[DEBUG CHAT] Super Admin - Page 1, Limit 50, Found 1 groups for type NATIONAL
[DEBUG CHAT] Sample group type: NATIONAL

[DEBUG CHAT] Super Admin - Page 1, Limit 50, Found 1 groups for type NATIONAL
[DEBUG CHAT] Sample group type: NATIONAL

[DEBUG CHAT] Super Admin - Page 1, Limit 50, Found 20 groups for type PROVINCIAL
[DEBUG CHAT] Sample group type: PROVINCIAL

[DEBUG CHAT] Super Admin - Page 1, Limit 50, Found 50 groups for type DISTRICT
[DEBUG CHAT] Sample group type: DISTRICT

[DEBUG CHAT] Super Admin - Page 1, Limit 50, Found 50 groups for type REGION
[DEBUG CHAT] Sample group type: REGION

[DEBUG CHAT] Super Admin - Page 1, Limit 50, Found 50 groups for type CAMP
[DEBUG CHAT] Sample group type: CAMP

[DEBUG CHAT] Super Admin - Page 1, Limit 50, Found 1 groups for type NATIONAL
[DEBUG CHAT] Sample group type: NATIONAL

[DEBUG CHAT] Super Admin - Page 1, Limit 50, Found 1 groups for type NATIONAL
[DEBUG CHAT] Sample group type: NATIONAL

[DEBUG CHAT] Super Admin - Page 1, Limit 50, Found 20 groups for type PROVINCIAL
[DEBUG CHAT] Sample group type: PROVINCIAL

[DEBUG CHAT] Super Admin - Page 1, Limit 50, Found 50 groups for type DISTRICT
[DEBUG CHAT] Sample group type: DISTRICT

[DEBUG CHAT] Super Admin - Page 1, Limit 50, Found 50 groups for type REGION
[DEBUG CHAT] Sample group type: REGION

[DEBUG CHAT] Super Admin - Page 1, Limit 50, Found 50 groups for type REGION
[DEBUG CHAT] Sample group type: REGION

[DEBUG CHAT] Super Admin - Page 1, Limit 50, Found 1 groups for type NATIONAL
[DEBUG CHAT] Sample group type: NATIONAL

[DEBUG CHAT] Super Admin - Page 1, Limit 50, Found 1 groups for type NATIONAL
[DEBUG CHAT] Sample group type: NATIONAL

[DEBUG CHAT] Super Admin - Page 1, Limit 50, Found 1 groups for type NATIONAL
[DEBUG CHAT] Sample group type: NATIONAL

[DEBUG CHAT] Super Admin - Page 1, Limit 50, Found 20 groups for type PROVINCIAL
[DEBUG CHAT] Sample group type: PROVINCIAL

[DEBUG CHAT] Super Admin - Page 1, Limit 50, Found 50 groups for type DISTRICT
[DEBUG CHAT] Sample group type: DISTRICT

[DEBUG CHAT] Super Admin - Page 2, Limit 50, Found 50 groups for type DISTRICT
[DEBUG CHAT] Sample group type: DISTRICT

[DEBUG CHAT] Super Admin - Page 3, Limit 50, Found 50 groups for type DISTRICT
[DEBUG CHAT] Sample group type: DISTRICT

[DEBUG CHAT] Super Admin - Page 5, Limit 50, Found 32 groups for type DISTRICT
[DEBUG CHAT] Sample group type: DISTRICT

[DEBUG CHAT] Super Admin - Page 5, Limit 50, Found 50 groups for type CAMP
[DEBUG CHAT] Sample group type: CAMP

[DEBUG CHAT] Super Admin - Page 5, Limit 50, Found 0 groups for type REGION

[DEBUG CHAT] Super Admin - Page 5, Limit 50, Found 0 groups for type REGION

[DEBUG CHAT] Super Admin - Page 1, Limit 50, Found 50 groups for type DISTRICT
[DEBUG CHAT] Sample group type: DISTRICT

[DEBUG CHAT] Super Admin - Page 1, Limit 50, Found 1 groups for type NATIONAL
[DEBUG CHAT] Sample group type: NATIONAL

[DEBUG CHAT] Super Admin - Page 1, Limit 50, Found 20 groups for type PROVINCIAL
[DEBUG CHAT] Sample group type: PROVINCIAL

[DEBUG CHAT] Super Admin - Page 1, Limit 50, Found 50 groups for type DISTRICT
[DEBUG CHAT] Sample group type: DISTRICT

[DEBUG CHAT] Super Admin - Page 2, Limit 50, Found 50 groups for type DISTRICT
[DEBUG CHAT] Sample group type: DISTRICT

[DEBUG CHAT] Super Admin - Page 2, Limit 50, Found 50 groups for type REGION
[DEBUG CHAT] Sample group type: REGION

[DEBUG CHAT] Super Admin - Page 3, Limit 50, Found 50 groups for type REGION
[DEBUG CHAT] Sample group type: REGION

[DEBUG CHAT] Super Admin - Page 3, Limit 50, Found 50 groups for type CAMP
[DEBUG CHAT] Sample group type: CAMP

[DEBUG CHAT] Super Admin - Page 4, Limit 50, Found 50 groups for type CAMP
[DEBUG CHAT] Sample group type: CAMP

[DEBUG CHAT] Super Admin - Page 5, Limit 50, Found 50 groups for type CAMP
[DEBUG CHAT] Sample group type: CAMP

[DEBUG CHAT] Super Admin - Page 6, Limit 50, Found 50 groups for type CAMP
[DEBUG CHAT] Sample group type: CAMP

[DEBUG CHAT] Super Admin - Page 6, Limit 50, Found 50 groups for type CAMP
[DEBUG CHAT] Sample group type: CAMP

[DEBUG CHAT] Super Admin - Page 1, Limit 50, Found 1 groups for type NATIONAL
[DEBUG CHAT] Sample group type: NATIONAL

[DEBUG CHAT] Super Admin - Page 1, Limit 50, Found 9 groups for type DIRECT
[DEBUG CHAT] Sample group type: DIRECT

[DEBUG CHAT] Super Admin - Page 1, Limit 50, Found 9 groups for type DIRECT
[DEBUG CHAT] Sample group type: DIRECT

[DEBUG CHAT] Super Admin - Page 1, Limit 50, Found 9 groups for type DIRECT
[DEBUG CHAT] Sample group type: DIRECT

[DEBUG CHAT] Super Admin - Page 1, Limit 50, Found 9 groups for type DIRECT
[DEBUG CHAT] Sample group type: DIRECT

[DEBUG CHAT] Super Admin - Page 1, Limit 50, Found 1 groups for type NATIONAL
[DEBUG CHAT] Sample group type: NATIONAL

[DEBUG CHAT] Super Admin - Page 1, Limit 50, Found 1 groups for type NATIONAL
[DEBUG CHAT] Sample group type: NATIONAL

[DEBUG CHAT] Super Admin - Page 1, Limit 50, Found 20 groups for type PROVINCIAL
[DEBUG CHAT] Sample group type: PROVINCIAL

[DEBUG CHAT] Super Admin - Page 1, Limit 50, Found 50 groups for type DISTRICT
[DEBUG CHAT] Sample group type: DISTRICT

[DEBUG CHAT] Super Admin - Page 2, Limit 50, Found 50 groups for type DISTRICT
[DEBUG CHAT] Sample group type: DISTRICT

[DEBUG CHAT] Super Admin - Page 2, Limit 50, Found 50 groups for type REGION
[DEBUG CHAT] Sample group type: REGION

[DEBUG CHAT] Super Admin - Page 3, Limit 50, Found 50 groups for type REGION
[DEBUG CHAT] Sample group type: REGION

[DEBUG CHAT] Super Admin - Page 4, Limit 50, Found 6 groups for type REGION
[DEBUG CHAT] Sample group type: REGION

[DEBUG CHAT] Super Admin - Page 4, Limit 50, Found 50 groups for type CAMP
[DEBUG CHAT] Sample group type: CAMP

[DEBUG CHAT] Super Admin - Page 5, Limit 50, Found 50 groups for type CAMP
[DEBUG CHAT] Sample group type: CAMP

[DEBUG CHAT] Super Admin - Page 6, Limit 50, Found 50 groups for type CAMP
[DEBUG CHAT] Sample group type: CAMP

[DEBUG CHAT] Super Admin - Page 8, Limit 50, Found 50 groups for type CAMP
[DEBUG CHAT] Sample group type: CAMP

[DEBUG CHAT] Super Admin - Page 8, Limit 50, Found 0 groups for type DIRECT

[DEBUG CHAT] Super Admin - Page 8, Limit 50, Found 0 groups for type DIRECT

[DEBUG CHAT] Super Admin - Page 1, Limit 50, Found 9 groups for type DIRECT
[DEBUG CHAT] Sample group type: DIRECT

[DEBUG CHAT] Super Admin - Page 1, Limit 50, Found 9 groups for type DIRECT
[DEBUG CHAT] Sample group type: DIRECT

[DEBUG CHAT] Super Admin - Page 1, Limit 50, Found 1 groups for type NATIONAL
[DEBUG CHAT] Sample group type: NATIONAL

[DEBUG CHAT] Super Admin - Page 1, Limit 50, Found 9 groups for type DIRECT
[DEBUG CHAT] Sample group type: DIRECT

[DEBUG CHAT] Super Admin - Page 1, Limit 50, Found 1 groups for type NATIONAL
[DEBUG CHAT] Sample group type: NATIONAL

[DEBUG CHAT] Super Admin - Page 1, Limit 50, Found 20 groups for type PROVINCIAL
[DEBUG CHAT] Sample group type: PROVINCIAL

[DEBUG CHAT] Super Admin - Page 1, Limit 50, Found 50 groups for type DISTRICT
[DEBUG CHAT] Sample group type: DISTRICT
